Component: ARM Compiler 5.06 update 7 (build 960) Tool: armlink [4d3601]

==============================================================================

Section Cross References

    startup.o(RESET) refers to startup.o(STACK) for StackMem
    startup.o(RESET) refers to osasm.o(.text) for SVC_Handler
    startup.o(RESET) refers to os.o(i.SysTick_Handler) for SysTick_Handler
    startup.o(RESET) refers to uart0int.o(i.UART0_Handler) for UART0_Handler
    startup.o(RESET) refers to adct0atrigger.o(i.ADC0Seq0_Handler) for ADC0Seq0_Handler
    startup.o(RESET) refers to adct0atrigger.o(i.ADC0Seq3_Handler) for ADC0Seq3_Handler
    startup.o(RESET) refers to timer1a.o(i.Timer1A_Handler) for Timer1A_Handler
    startup.o(RESET) refers to timer2a.o(i.Timer2A_Handler) for Timer2A_Handler
    startup.o(RESET) refers to os.o(i.GPIOPortF_Handler) for GPIOPortF_Handler
    startup.o(RESET) refers to esp8266.o(i.UART2_Handler) for UART2_Handler
    startup.o(RESET) refers to timer3a.o(i.Timer3A_Handler) for Timer3A_Handler
    startup.o(RESET) refers to can0.o(i.CAN0_Handler) for CAN0_Handler
    startup.o(RESET) refers to timer4a.o(i.Timer4A_Handler) for Timer4A_Handler
    startup.o(RESET) refers to os.o(i.Timer5A_Handler) for Timer5A_Handler
    startup.o(RESET) refers to wtimer0a.o(i.WideTimer0A_Handler) for WideTimer0A_Handler
    startup.o(RESET) refers to entry.o(.ARM.Collect$$$$00000000) for __main
    launchpad.o(i.LaunchPad_WaitForRelease) refers to launchpad.o(i.DelayMs) for DelayMs
    launchpad.o(i.LaunchPad_WaitForTouch) refers to launchpad.o(i.DelayMs) for DelayMs
    lab6.o(i.ButtonWork1) refers to os.o(i.OS_Id) for OS_Id
    lab6.o(i.ButtonWork1) refers to os.o(i.OS_Kill) for OS_Kill
    lab6.o(i.ClearBuffer) refers to lab6.o(.bss) for buffer
    lab6.o(i.ClearMatrixProduct) refers to lab6.o(.bss) for char_matrix_product
    lab6.o(i.ConnectWifiBackup) refers to st7735.o(i.ST7735_DrawString) for ST7735_DrawString
    lab6.o(i.ConnectWifiBackup) refers to esp8266.o(i.ESP8266_Init) for ESP8266_Init
    lab6.o(i.ConnectWifiBackup) refers to os.o(i.OS_Kill) for OS_Kill
    lab6.o(i.ConnectWifiBackup) refers to esp8266.o(i.ESP8266_GetVersionNumber) for ESP8266_GetVersionNumber
    lab6.o(i.ConnectWifiBackup) refers to esp8266.o(i.ESP8266_Connect) for ESP8266_Connect
    lab6.o(i.ConnectWifiBackup) refers to esp8266.o(i.ESP8266_MakeTCPConnection) for ESP8266_MakeTCPConnection
    lab6.o(i.ConnectWifiBackup) refers to esp8266.o(i.ESP8266_Receive) for ESP8266_Receive
    lab6.o(i.ConnectWifiBackup) refers to printf3.o(i.__0printf$3) for __2printf
    lab6.o(i.ConnectWifiBackup) refers to strcpy.o(.text) for strcpy
    lab6.o(i.ConnectWifiBackup) refers to strcmp.o(.text) for strcmp
    lab6.o(i.ConnectWifiBackup) refers to esp8266.o(i.ESP8266_Send) for ESP8266_Send
    lab6.o(i.ConnectWifiBackup) refers to lab6.o(i.parse_data) for parse_data
    lab6.o(i.ConnectWifiBackup) refers to lab6.o(i.SendHeartbeat) for SendHeartbeat
    lab6.o(i.ConnectWifiBackup) refers to lab6.o(i.multiply_matrices) for multiply_matrices
    lab6.o(i.ConnectWifiBackup) refers to lab6.o(i.matrix_to_char_array) for matrix_to_char_array
    lab6.o(i.ConnectWifiBackup) refers to lab6.o(i.ClearMatrixProduct) for ClearMatrixProduct
    lab6.o(i.ConnectWifiBackup) refers to lab6.o(i.ClearBuffer) for ClearBuffer
    lab6.o(i.ConnectWifiBackup) refers to lab6.o(.bss) for buffer
    lab6.o(i.ConnectWifiBackup) refers to lab6.o(.data) for col_2
    lab6.o(i.ConnectWifiClient) refers to st7735.o(i.ST7735_DrawString) for ST7735_DrawString
    lab6.o(i.ConnectWifiClient) refers to esp8266.o(i.ESP8266_Init) for ESP8266_Init
    lab6.o(i.ConnectWifiClient) refers to os.o(i.OS_Kill) for OS_Kill
    lab6.o(i.ConnectWifiClient) refers to esp8266.o(i.ESP8266_GetVersionNumber) for ESP8266_GetVersionNumber
    lab6.o(i.ConnectWifiClient) refers to esp8266.o(i.ESP8266_Connect) for ESP8266_Connect
    lab6.o(i.ConnectWifiClient) refers to esp8266.o(i.ESP8266_MakeTCPConnection) for ESP8266_MakeTCPConnection
    lab6.o(i.ConnectWifiClient) refers to esp8266.o(i.ESP8266_Send) for ESP8266_Send
    lab6.o(i.ConnectWifiClient) refers to printf3.o(i.__0printf$3) for __2printf
    lab6.o(i.ConnectWifiClient) refers to esp8266.o(i.ESP8266_Receive) for ESP8266_Receive
    lab6.o(i.ConnectWifiClient) refers to strcpy.o(.text) for strcpy
    lab6.o(i.ConnectWifiClient) refers to strcmp.o(.text) for strcmp
    lab6.o(i.ConnectWifiClient) refers to lab6.o(i.parse_data) for parse_data
    lab6.o(i.ConnectWifiClient) refers to lab6.o(i.SendHeartbeat) for SendHeartbeat
    lab6.o(i.ConnectWifiClient) refers to lab6.o(i.multiply_matrices) for multiply_matrices
    lab6.o(i.ConnectWifiClient) refers to lab6.o(i.matrix_to_char_array) for matrix_to_char_array
    lab6.o(i.ConnectWifiClient) refers to lab6.o(i.ClearMatrixProduct) for ClearMatrixProduct
    lab6.o(i.ConnectWifiClient) refers to lab6.o(i.ClearBuffer) for ClearBuffer
[...]
    i.PLL_Init                               0x000034dc   Section        0  pll.o(i.PLL_Init)
    i.PortD_Init                             0x00003558   Section        0  lab6.o(i.PortD_Init)
    i.ReceiveDataFilter                      0x000035c0   Section        0  esp8266.o(i.ReceiveDataFilter)
    i.RxFifo_Init                            0x00003714   Section        0  uart0int.o(i.RxFifo_Init)
    i.RxFifo_Put                             0x00003728   Section        0  uart0int.o(i.RxFifo_Put)
    i.RxFifo_Size                            0x00003764   Section        0  uart0int.o(i.RxFifo_Size)
    i.ST7735_DrawCharS                       0x0000377c   Section        0  st7735.o(i.ST7735_DrawCharS)
    i.ST7735_DrawPixel                       0x00003874   Section        0  st7735.o(i.ST7735_DrawPixel)
    i.ST7735_DrawString                      0x000038bc   Section        0  st7735.o(i.ST7735_DrawString)
    i.ST7735_FillRect                        0x00003914   Section        0  st7735.o(i.ST7735_FillRect)
    i.ST7735_FillScreen                      0x000039c0   Section        0  st7735.o(i.ST7735_FillScreen)
    i.ST7735_InitR                           0x000039e4   Section        0  st7735.o(i.ST7735_InitR)
    i.ST7735_Message                         0x00003a6c   Section        0  st7735.o(i.ST7735_Message)
    i.ST7735_OutChar                         0x00003b34   Section        0  st7735.o(i.ST7735_OutChar)
    i.ST7735_SetCursor                       0x00003c08   Section        0  st7735.o(i.ST7735_SetCursor)
    i.SW1Push2                               0x00003c28   Section        0  lab6.o(i.SW1Push2)
    i.SWOneInit                              0x00003cd4   Section        0  os.o(i.SWOneInit)
    i.SendHeartbeat                          0x00003db8   Section        0  lab6.o(i.SendHeartbeat)
    i.StartBackup                            0x00003df4   Section        0  lab6.o(i.StartBackup)
    i.SysTick_Handler                        0x00003e54   Section        0  os.o(i.SysTick_Handler)
    i.SysTick_Init                           0x00003e6c   Section        0  os.o(i.SysTick_Init)
    i.Timer1A_Handler                        0x00003e9c   Section        0  timer1a.o(i.Timer1A_Handler)
    i.Timer2A_Handler                        0x00003eb4   Section        0  timer2a.o(i.Timer2A_Handler)
    i.Timer3A_Handler                        0x00003ecc   Section        0  timer3a.o(i.Timer3A_Handler)
    i.Timer4A_Handler                        0x00003ee4   Section        0  timer4a.o(i.Timer4A_Handler)
    i.Timer5A_Handler                        0x00003efc   Section        0  os.o(i.Timer5A_Handler)
    i.TxFifo_Get                             0x00003f20   Section        0  uart0int.o(i.TxFifo_Get)
    i.TxFifo_Init                            0x00003f5c   Section        0  uart0int.o(i.TxFifo_Init)
    i.TxFifo_Put                             0x00003f70   Section        0  uart0int.o(i.TxFifo_Put)
    i.TxFifo_Size                            0x00003fac   Section        0  uart0int.o(i.TxFifo_Size)
    i.UART0_Handler                          0x00003fc4   Section        0  uart0int.o(i.UART0_Handler)
    i.UART2_Handler                          0x0000401c   Section        0  esp8266.o(i.UART2_Handler)
    i.UART_Init                              0x00004074   Section        0  uart0int.o(i.UART_Init)
    i.UART_OutChar                           0x00004148   Section        0  uart0int.o(i.UART_OutChar)
    i.UART_OutCharNonBlock                   0x0000417c   Section        0  uart0int.o(i.UART_OutCharNonBlock)
    i.UART_OutString                         0x000041b0   Section        0  uart0int.o(i.UART_OutString)
    i.UART_OutUDec                           0x000041d8   Section        0  uart0int.o(i.UART_OutUDec)
    i.UartHelpScreen                         0x00004204   Section        0  interpreter.o(i.UartHelpScreen)
    i.WideTimer0A_Handler                    0x000042d8   Section        0  wtimer0a.o(i.WideTimer0A_Handler)
    i.__0printf$3                            0x000042f0   Section        0  printf3.o(i.__0printf$3)
    i.__0sprintf$3                           0x00004310   Section        0  printf3.o(i.__0sprintf$3)
    i.__scatterload_copy                     0x00004338   Section       14  handlers.o(i.__scatterload_copy)
    i.__scatterload_null                     0x00004346   Section        2  handlers.o(i.__scatterload_null)
    i.__scatterload_zeroinit                 0x00004348   Section       14  handlers.o(i.__scatterload_zeroinit)
    i._printf_core                           0x00004358   Section        0  printf3.o(i._printf_core)
    _printf_core                             0x00004359   Thumb Code   436  printf3.o(i._printf_core)
    i._sputc                                 0x00004510   Section        0  printf3.o(i._sputc)
    _sputc                                   0x00004511   Thumb Code    10  printf3.o(i._sputc)
    i.clust2sect                             0x0000451a   Section        0  ff.o(i.clust2sect)
    i.commandList                            0x00004534   Section        0  st7735.o(i.commandList)
    commandList                              0x00004535   Thumb Code    86  st7735.o(i.commandList)
    i.commonInit                             0x0000458c   Section        0  st7735.o(i.commonInit)
    commonInit                               0x0000458d   Thumb Code   346  st7735.o(i.commonInit)
    i.copyHardwareToSoftware                 0x00004718   Section        0  uart0int.o(i.copyHardwareToSoftware)
    copyHardwareToSoftware                   0x00004719   Thumb Code    40  uart0int.o(i.copyHardwareToSoftware)
    i.copySoftwareToHardware                 0x00004744   Section        0  uart0int.o(i.copySoftwareToHardware)
    copySoftwareToHardware                   0x00004745   Thumb Code    38  uart0int.o(i.copySoftwareToHardware)
    i.create_chain                           0x00004770   Section        0  ff.o(i.create_chain)
    create_chain                             0x00004771   Thumb Code   214  ff.o(i.create_chain)
    i.deselect                               0x00004848   Section        0  edisk.o(i.deselect)
    deselect                                 0x00004849   Thumb Code    16  edisk.o(i.deselect)
    i.disk_ioctl                             0x0000485c   Section        0  edisk.o(i.disk_ioctl)
    i.eDisk_Read                             0x00004a84   Section        0  edisk.o(i.eDisk_Read)
    i.eDisk_Status                           0x00004b14   Section        0  edisk.o(i.eDisk_Status)
    i.eDisk_Write                            0x00004b28   Section        0  edisk.o(i.eDisk_Write)
    i.eFile_WClose                           0x00004bdc   Section        0  efile.o(i.eFile_WClose)
    i.eFile_Write                            0x00004c08   Section        0  efile.o(i.eFile_Write)
    i.f_close                                0x00004c44   Section        0  ff.o(i.f_close)
    i.f_sync                                 0x00004c64   Section        0  ff.o(i.f_sync)
    i.f_write                                0x00004d14   Section        0  ff.o(i.f_write)
    i.fputc                                  0x00004eec   Section        0  os.o(i.fputc)
    i.get_fat                                0x00004f1c   Section        0  ff.o(i.get_fat)
    i.main                                   0x0000500e   Section        0  lab6.o(i.main)
    i.matrix_to_char_array                   0x00005018   Section        0  lab6.o(i.matrix_to_char_array)
    i.mem_cpy                                0x00005068   Section        0  ff.o(i.mem_cpy)
    mem_cpy                                  0x00005069   Thumb Code    26  ff.o(i.mem_cpy)
    i.mem_set                                0x00005082   Section        0  ff.o(i.mem_set)
    mem_set                                  0x00005083   Thumb Code    20  ff.o(i.mem_set)
    i.move_window                            0x00005096   Section        0  ff.o(i.move_window)
    move_window                              0x00005097   Thumb Code    52  ff.o(i.move_window)
    i.multiply_matrices                      0x000050cc   Section        0  lab6.o(i.multiply_matrices)
    i.parseDec                               0x00005174   Section        0  interpreter.o(i.parseDec)
    i.parse_data                             0x000051b8   Section        0  lab6.o(i.parse_data)
    i.parse_indices                          0x0000525c   Section        0  lab6.o(i.parse_indices)
    i.parse_matrix                           0x000052ce   Section        0  lab6.o(i.parse_matrix)
    i.print_matrix                           0x00005378   Section        0  lab6.o(i.print_matrix)
    i.pushColor                              0x000053d4   Section        0  st7735.o(i.pushColor)
    pushColor                                0x000053d5   Thumb Code    18  st7735.o(i.pushColor)
    i.put_fat                                0x000053e6   Section        0  ff.o(i.put_fat)
    i.rcvr_datablock                         0x00005528   Section        0  edisk.o(i.rcvr_datablock)
    rcvr_datablock                           0x00005529   Thumb Code    66  edisk.o(i.rcvr_datablock)
    i.rcvr_spi                               0x00005570   Section        0  edisk.o(i.rcvr_spi)
    rcvr_spi                                 0x00005571   Thumb Code    42  edisk.o(i.rcvr_spi)
    i.rcvr_spi_multi                         0x000055a0   Section        0  edisk.o(i.rcvr_spi_multi)
    rcvr_spi_multi                           0x000055a1   Thumb Code    24  edisk.o(i.rcvr_spi_multi)
    i.select                                 0x000055b8   Section        0  edisk.o(i.select)
    select                                   0x000055b9   Thumb Code    44  edisk.o(i.select)
    i.send_cmd                               0x000055e8   Section        0  edisk.o(i.send_cmd)
    send_cmd                                 0x000055e9   Thumb Code   150  edisk.o(i.send_cmd)
    i.setAddrWindow                          0x00005680   Section        0  st7735.o(i.setAddrWindow)
    setAddrWindow                            0x00005681   Thumb Code   106  st7735.o(i.setAddrWindow)
    i.st_clust                               0x000056f4   Section        0  ff.o(i.st_clust)
    st_clust                                 0x000056f5   Thumb Code    16  ff.o(i.st_clust)
    i.sync_fs                                0x00005704   Section        0  ff.o(i.sync_fs)
    sync_fs                                  0x00005705   Thumb Code   200  ff.o(i.sync_fs)
    i.sync_window                            0x000057cc   Section        0  ff.o(i.sync_window)
    sync_window                              0x000057cd   Thumb Code    82  ff.o(i.sync_window)
    i.validate                               0x0000581e   Section        0  ff.o(i.validate)
    validate                                 0x0000581f   Thumb Code    54  ff.o(i.validate)
    i.wait_ready                             0x00005854   Section        0  edisk.o(i.wait_ready)
    wait_ready                               0x00005855   Thumb Code    42  edisk.o(i.wait_ready)
    i.writecommand                           0x00005884   Section        0  st7735.o(i.writecommand)
    writecommand                             0x00005885   Thumb Code    68  st7735.o(i.writecommand)
    i.writedata                              0x000058d4   Section        0  st7735.o(i.writedata)
    writedata                                0x000058d5   Thumb Code    70  st7735.o(i.writedata)
    i.xchg_spi                               0x00005928   Section        0  edisk.o(i.xchg_spi)
    xchg_spi                                 0x00005929   Thumb Code    50  edisk.o(i.xchg_spi)
    i.xmit_datablock                         0x00005960   Section        0  edisk.o(i.xmit_datablock)
    xmit_datablock                           0x00005961   Thumb Code    76  edisk.o(i.xmit_datablock)
    i.xmit_spi_multi                         0x000059ac   Section        0  edisk.o(i.xmit_spi_multi)
    xmit_spi_multi                           0x000059ad   Thumb Code    42  edisk.o(i.xmit_spi_multi)
    .constdata                               0x000059dc   Section     2114  st7735.o(.constdata)
    Font                                     0x000059dc   Data        1275  st7735.o(.constdata)
    Bcmd                                     0x00005ed7   Data         103  st7735.o(.constdata)
    Rcmd1                                    0x00005f3e   Data          59  st7735.o(.constdata)
    Rcmd2green                               0x00005f79   Data          13  st7735.o(.constdata)
    Rcmd2red                                 0x00005f86   Data          13  st7735.o(.constdata)
    Rcmd3                                    0x00005f93   Data          43  st7735.o(.constdata)
    .constdata                               0x0000621e   Section       54  esp8266.o(.constdata)
    ESP8266_READY_RESPONSE                   0x0000621e   Data          10  esp8266.o(.constdata)
    ESP8266_OK_RESPONSE                      0x00006228   Data           7  esp8266.o(.constdata)
    ESP8266_ERROR_RESPONSE                   0x0000622f   Data          10  esp8266.o(.constdata)
    ESP8266_FAIL_RESPONSE                    0x00006239   Data           9  esp8266.o(.constdata)
    ESP8266_SENDOK_RESPONSE                  0x00006242   Data          12  esp8266.o(.constdata)
    .constdata                               0x00006254   Section      268  interrupt.o(.constdata)
    g_pui32Priority                          0x00006254   Data          32  interrupt.o(.constdata)
    g_pui32Regs                              0x00006274   Data         156  interrupt.o(.constdata)
    g_pui32EnRegs                            0x00006310   Data          20  interrupt.o(.constdata)
    g_pui32Dii16Regs                         0x00006324   Data          20  interrupt.o(.constdata)
    g_pui32PendRegs                          0x00006338   Data          20  interrupt.o(.constdata)
    g_pui32UnpendRegs                        0x0000634c   Data          20  interrupt.o(.constdata)
    .conststring                             0x00006360   Section      408  interpreter.o(.conststring)
    .data                                    0x20000000   Section       24  lab6.o(.data)
    .data                                    0x20000018   Section       60  os.o(.data)
    FifoSize                                 0x2000002c   Data           4  os.o(.data)
    .data                                    0x20000054   Section       48  st7735.o(.data)
    ColStart                                 0x2000005e   Data           1  st7735.o(.data)
    RowStart                                 0x2000005f   Data           1  st7735.o(.data)
    Rotation                                 0x20000060   Data           1  st7735.o(.data)
    TabColor                                 0x20000061   Data           1  st7735.o(.data)
    _width                                   0x20000062   Data           2  st7735.o(.data)
    _height                                  0x20000064   Data           2  st7735.o(.data)
    .data                                    0x20000084   Section      160  interpreter.o(.data)
    token                                    0x20000120   Data           4  interpreter.o(.data)
    .data                                    0x20000124   Section       20  uart0int.o(.data)
    .data                                    0x20000138   Section       13  edisk.o(.data)
    Stat                                     0x20000138   Data           1  edisk.o(.data)
    Timer1                                   0x2000013c   Data           4  edisk.o(.data)
    Timer2                                   0x20000140   Data           4  edisk.o(.data)
    CardType                                 0x20000144   Data           1  edisk.o(.data)
    .data                                    0x20000148   Section        8  adct0atrigger.o(.data)
    .data                                    0x20000150   Section        4  wtimer0a.o(.data)
    .data                                    0x20000154   Section       16  can0.o(.data)
    RCVData                                  0x2000015c   Data           4  can0.o(.data)
    MailFlag                                 0x20000160   Data           4  can0.o(.data)
    .data                                    0x20000164   Section       60  esp8266.o(.data)
    ReceiveDataSearchIndex                   0x20000188   Data           4  esp8266.o(.data)
    ReceiveDataState                         0x2000018c   Data           4  esp8266.o(.data)
    ReceiveDataStream                        0x20000190   Data           4  esp8266.o(.data)
    ReceiveDataLen                           0x20000194   Data           4  esp8266.o(.data)
    .data                                    0x200001a0   Section        4  timer3a.o(.data)
    .data                                    0x200001a4   Section        4  timer1a.o(.data)
    .data                                    0x200001a8   Section        4  timer2a.o(.data)
    .data                                    0x200001ac   Section        4  timer4a.o(.data)
    .data                                    0x200001b0   Section        4  stdout.o(.data)
    .bss                                     0x200001b4   Section     6800  lab6.o(.bss)
    .bss                                     0x20001c44   Section    15364  os.o(.bss)
    .bss                                     0x20005848   Section      592  interpreter.o(.bss)
    .bss                                     0x20005a98   Section     2048  uart0int.o(.bss)
    RxFifo                                   0x20005a98   Data        1024  uart0int.o(.bss)
    TxFifo                                   0x20005e98   Data        1024  uart0int.o(.bss)
    .bss                                     0x20006298   Section     1164  efile.o(.bss)
    g_sFatFs                                 0x20006298   Data         564  efile.o(.bss)
    d                                        0x200064cc   Data          28  efile.o(.bss)
    f                                        0x200064e8   Data         548  efile.o(.bss)
    fi                                       0x2000670c   Data          24  efile.o(.bss)
    .bss                                     0x20006724   Section     3072  esp8266.o(.bss)
    ESP8266RxFifo                            0x20006724   Data        1024  esp8266.o(.bss)
    ESP8266Rx0Fifo                           0x20006b24   Data        1024  esp8266.o(.bss)
    ESP8266TxFifo                            0x20006f24   Data        1024  esp8266.o(.bss)
    STACK                                    0x20007328   Section     1024  startup.o(STACK)
    StackMem                                 0x20007328   Data           0  startup.o(STACK)

    Global Symbols

    Symbol Name                              Value     Ov Type        Size  Object(Section)

    BuildAttributes$$THM_ISAv4$E$P$D$K$B$S$7EM$PE$A:L22UL41UL21$X:L11$S22US41US21$IEEE1$IW$USESV6$~STKCKD$USESV7$~SHL$OSPACE$ROPI$EBA8$MICROLIB$REQ8$PRES8$EABIv2 0x00000000   Number         0  anon$$obj.o ABSOLUTE
    __ARM_use_no_argv                        0x00000000   Number         0  lab6.o ABSOLUTE
    __Vectors                                0x00000000   Data           0  startup.o(RESET)
    _printf_a                                0x00000000   Number         0  stubs.o ABSOLUTE
    _printf_c                                0x00000000   Number         0  stubs.o ABSOLUTE
    _printf_charcount                        0x00000000   Number         0  stubs.o ABSOLUTE
    _printf_d                                0x00000000   Number         0  stubs.o ABSOLUTE
    _printf_e                                0x00000000   Number         0  stubs.o ABSOLUTE
    _printf_f                                0x00000000   Number         0  stubs.o ABSOLUTE
    _printf_flags                            0x00000000   Number         0  stubs.o ABSOLUTE
    _printf_fp_dec                           0x00000000   Number         0  stubs.o ABSOLUTE
    _printf_fp_hex                           0x00000000   Number         0  stubs.o ABSOLUTE
    _printf_g                                0x00000000   Number         0  stubs.o ABSOLUTE
    _printf_i                                0x00000000   Number         0  stubs.o ABSOLUTE
    _printf_int_dec                          0x00000000   Number         0  stubs.o ABSOLUTE
    _printf_l                                0x00000000   Number         0  stubs.o ABSOLUTE
    _printf_lc                               0x00000000   Number         0  stubs.o ABSOLUTE
    _printf_ll                               0x00000000   Number         0  stubs.o ABSOLUTE
    _printf_lld                              0x00000000   Number         0  stubs.o ABSOLUTE
    _printf_lli                              0x00000000   Number         0  stubs.o ABSOLUTE
    _printf_llo                              0x00000000   Number         0  stubs.o ABSOLUTE
    _printf_llu                              0x00000000   Number         0  stubs.o ABSOLUTE
    _printf_llx                              0x00000000   Number         0  stubs.o ABSOLUTE
    _printf_longlong_dec                     0x00000000   Number         0  stubs.o ABSOLUTE
    _printf_longlong_hex                     0x00000000   Number         0  stubs.o ABSOLUTE
    _printf_longlong_oct                     0x00000000   Number         0  stubs.o ABSOLUTE
    _printf_ls                               0x00000000   Number         0  stubs.o ABSOLUTE
    _printf_mbtowc                           0x00000000   Number         0  stubs.o ABSOLUTE
    _printf_n                                0x00000000   Number         0  stubs.o ABSOLUTE
    _printf_o                                0x00000000   Number         0  stubs.o ABSOLUTE
    _printf_p                                0x00000000   Number         0  stubs.o ABSOLUTE
    _printf_percent                          0x00000000   Number         0  stubs.o ABSOLUTE
    _printf_pre_padding                      0x00000000   Number         0  stubs.o ABSOLUTE
    _printf_return_value                     0x00000000   Number         0  stubs.o ABSOLUTE
    _printf_s                                0x00000000   Number         0  stubs.o ABSOLUTE
    _printf_sizespec                         0x00000000   Number         0  stubs.o ABSOLUTE
    _printf_str                              0x00000000   Number         0  stubs.o ABSOLUTE
    _printf_truncate_signed                  0x00000000   Number         0  stubs.o ABSOLUTE
    _printf_truncate_unsigned                0x00000000   Number         0  stubs.o ABSOLUTE
    _printf_u                                0x00000000   Number         0  stubs.o ABSOLUTE
    _printf_wc                               0x00000000   Number         0  stubs.o ABSOLUTE
    _printf_wctomb                           0x00000000   Number         0  stubs.o ABSOLUTE
    _printf_widthprec                        0x00000000   Number         0  stubs.o ABSOLUTE
    _printf_x                                0x00000000   Number         0  stubs.o ABSOLUTE
    __arm_fini_                               - Undefined Weak Reference
    __cpp_initialize__aeabi_                  - Undefined Weak Reference
    __cxa_finalize                            - Undefined Weak Reference
    _clock_init                               - Undefined Weak Reference
    _microlib_exit                            - Undefined Weak Reference
    Reset_Handler                            0x0000026d   Thumb Code     0  startup.o(RESET)
    NMI_Handler                              0x00000271   Thumb Code     2  startup.o(RESET)
    HardFault_Handler                        0x00000273   Thumb Code     2  startup.o(RESET)
    MemManage_Handler                        0x00000275   Thumb Code     2  startup.o(RESET)
    BusFault_Handler                         0x00000277   Thumb Code     2  startup.o(RESET)
    UsageFault_Handler                       0x00000279   Thumb Code     2  startup.o(RESET)
    DebugMon_Handler                         0x0000027d   Thumb Code     2  startup.o(RESET)
    ADC0Seq1_Handler                         0x00000283   Thumb Code     0  startup.o(RESET)
    ADC0Seq2_Handler                         0x00000283   Thumb Code     0  startup.o(RESET)
    ADC1Seq0_Handler                         0x00000283   Thumb Code     0  startup.o(RESET)
    ADC1Seq1_Handler                         0x00000283   Thumb Code     0  startup.o(RESET)
    ADC1Seq2_Handler                         0x00000283   Thumb Code     0  startup.o(RESET)
    ADC1Seq3_Handler                         0x00000283   Thumb Code     0  startup.o(RESET)
    CAN1_Handler                             0x00000283   Thumb Code     0  startup.o(RESET)
    CAN2_Handler                             0x00000283   Thumb Code     0  startup.o(RESET)
    Comp0_Handler                            0x00000283   Thumb Code     0  startup.o(RESET)
    Comp1_Handler                            0x00000283   Thumb Code     0  startup.o(RESET)
    Comp2_Handler                            0x00000283   Thumb Code     0  startup.o(RESET)
    Ethernet_Handler                         0x00000283   Thumb Code     0  startup.o(RESET)
    ExtBus_Handler                           0x00000283   Thumb Code     0  startup.o(RESET)
    FPU_Handler                              0x00000283   Thumb Code     0  startup.o(RESET)
    Fan0_Handler                             0x00000283   Thumb Code     0  startup.o(RESET)
    FlashCtl_Handler                         0x00000283   Thumb Code     0  startup.o(RESET)
    GPIOPortA_Handler                        0x00000283   Thumb Code     0  startup.o(RESET)
    GPIOPortB_Handler                        0x00000283   Thumb Code     0  startup.o(RESET)
    GPIOPortC_Handler                        0x00000283   Thumb Code     0  startup.o(RESET)
    GPIOPortD_Handler                        0x00000283   Thumb Code     0  startup.o(RESET)
    GPIOPortE_Handler                        0x00000283   Thumb Code     0  startup.o(RESET)
    GPIOPortG_Handler                        0x00000283   Thumb Code     0  startup.o(RESET)
    GPIOPortH_Handler                        0x00000283   Thumb Code     0  startup.o(RESET)
    GPIOPortJ_Handler                        0x00000283   Thumb Code     0  startup.o(RESET)
    GPIOPortK_Handler                        0x00000283   Thumb Code     0  startup.o(RESET)
    GPIOPortL_Handler                        0x00000283   Thumb Code     0  startup.o(RESET)
    GPIOPortM_Handler                        0x00000283   Thumb Code     0  startup.o(RESET)
    GPIOPortN_Handler                        0x00000283   Thumb Code     0  startup.o(RESET)
    GPIOPortP1_Handler                       0x00000283   Thumb Code     0  startup.o(RESET)
    GPIOPortP2_Handler                       0x00000283   Thumb Code     0  startup.o(RESET)
    GPIOPortP3_Handler                       0x00000283   Thumb Code     0  startup.o(RESET)
    GPIOPortP4_Handler                       0x00000283   Thumb Code     0  startup.o(RESET)
    GPIOPortP5_Handler                       0x00000283   Thumb Code     0  startup.o(RESET)
    GPIOPortP6_Handler                       0x00000283   Thumb Code     0  startup.o(RESET)
    GPIOPortP7_Handler                       0x00000283   Thumb Code     0  startup.o(RESET)
    GPIOPortP_Handler                        0x00000283   Thumb Code     0  startup.o(RESET)
    GPIOPortQ1_Handler                       0x00000283   Thumb Code     0  startup.o(RESET)
    GPIOPortQ2_Handler                       0x00000283   Thumb Code     0  startup.o(RESET)
    GPIOPortQ3_Handler                       0x00000283   Thumb Code     0  startup.o(RESET)
    GPIOPortQ4_Handler                       0x00000283   Thumb Code     0  startup.o(RESET)
    GPIOPortQ5_Handler                       0x00000283   Thumb Code     0  startup.o(RESET)
    GPIOPortQ6_Handler                       0x00000283   Thumb Code     0  startup.o(RESET)
    GPIOPortQ7_Handler                       0x00000283   Thumb Code     0  startup.o(RESET)
    GPIOPortQ_Handler                        0x00000283   Thumb Code     0  startup.o(RESET)
    GPIOPortR_Handler                        0x00000283   Thumb Code     0  startup.o(RESET)
    GPIOPortS_Handler                        0x00000283   Thumb Code     0  startup.o(RESET)
    Hibernate_Handler                        0x00000283   Thumb Code     0  startup.o(RESET)
    I2C0_Handler                             0x00000283   Thumb Code     0  startup.o(RESET)
    I2C1_Handler                             0x00000283   Thumb Code     0  startup.o(RESET)
    I2C2_Handler                             0x00000283   Thumb Code     0  startup.o(RESET)
    I2C3_Handler                             0x00000283   Thumb Code     0  startup.o(RESET)
    I2C4_Handler                             0x00000283   Thumb Code     0  startup.o(RESET)
    I2C5_Handler                             0x00000283   Thumb Code     0  startup.o(RESET)
    I2S0_Handler                             0x00000283   Thumb Code     0  startup.o(RESET)
    LPC0_Handler                             0x00000283   Thumb Code     0  startup.o(RESET)
    PECI0_Handler                            0x00000283   Thumb Code     0  startup.o(RESET)
    PWM0Fault_Handler                        0x00000283   Thumb Code     0  startup.o(RESET)
    PWM0Generator0_Handler                   0x00000283   Thumb Code     0  startup.o(RESET)
    PWM0Generator1_Handler                   0x00000283   Thumb Code     0  startup.o(RESET)
    PWM0Generator2_Handler                   0x00000283   Thumb Code     0  startup.o(RESET)
    PWM0Generator3_Handler                   0x00000283   Thumb Code     0  startup.o(RESET)
    PWM1Fault_Handler                        0x00000283   Thumb Code     0  startup.o(RESET)
    PWM1Generator0_Handler                   0x00000283   Thumb Code     0  startup.o(RESET)
    PWM1Generator1_Handler                   0x00000283   Thumb Code     0  startup.o(RESET)
    PWM1Generator2_Handler                   0x00000283   Thumb Code     0  startup.o(RESET)
    PWM1Generator3_Handler                   0x00000283   Thumb Code     0  startup.o(RESET)
    Quadrature0_Handler                      0x00000283   Thumb Code     0  startup.o(RESET)
    Quadrature1_Handler                      0x00000283   Thumb Code     0  startup.o(RESET)
    Quadrature2_Handler                      0x00000283   Thumb Code     0  startup.o(RESET)
    SSI0_Handler                             0x00000283   Thumb Code     0  startup.o(RESET)
    SSI1_Handler                             0x00000283   Thumb Code     0  startup.o(RESET)
    SSI2_Handler                             0x00000283   Thumb Code     0  startup.o(RESET)
    SSI3_Handler                             0x00000283   Thumb Code     0  startup.o(RESET)
    SysCtl_Handler                           0x00000283   Thumb Code     0  startup.o(RESET)
    Timer0A_Handler                          0x00000283   Thumb Code     0  startup.o(RESET)
    Timer0B_Handler                          0x00000283   Thumb Code     0  startup.o(RESET)
    Timer1B_Handler                          0x00000283   Thumb Code     0  startup.o(RESET)
    Timer2B_Handler                          0x00000283   Thumb Code     0  startup.o(RESET)
    Timer3B_Handler                          0x00000283   Thumb Code     0  startup.o(RESET)
    Timer4B_Handler                          0x00000283   Thumb Code     0  startup.o(RESET)
    Timer5B_Handler                          0x00000283   Thumb Code     0  startup.o(RESET)
    UART1_Handler                            0x00000283   Thumb Code     0  startup.o(RESET)
    UART3_Handler                            0x00000283   Thumb Code     0  startup.o(RESET)
    UART4_Handler                            0x00000283   Thumb Code     0  startup.o(RESET)
    UART5_Handler                            0x00000283   Thumb Code     0  startup.o(RESET)
    UART6_Handler                            0x00000283   Thumb Code     0  startup.o(RESET)
    UART7_Handler                            0x00000283   Thumb Code     0  startup.o(RESET)
    USB0_Handler                             0x00000283   Thumb Code     0  startup.o(RESET)
    WDT_Handler                              0x00000283   Thumb Code     0  startup.o(RESET)
    WideTimer0B_Handler                      0x00000283   Thumb Code     0  startup.o(RESET)
    WideTimer1A_Handler                      0x00000283   Thumb Code     0  startup.o(RESET)
    WideTimer1B_Handler                      0x00000283   Thumb Code     0  startup.o(RESET)
    WideTimer2A_Handler                      0x00000283   Thumb Code     0  startup.o(RESET)
    WideTimer2B_Handler                      0x00000283   Thumb Code     0  startup.o(RESET)
    WideTimer3A_Handler                      0x00000283   Thumb Code     0  startup.o(RESET)
    WideTimer3B_Handler                      0x00000283   Thumb Code     0  startup.o(RESET)
    WideTimer4A_Handler                      0x00000283   Thumb Code     0  startup.o(RESET)
    WideTimer4B_Handler                      0x00000283   Thumb Code     0  startup.o(RESET)
    WideTimer5A_Handler                      0x00000283   Thumb Code     0  startup.o(RESET)
    WideTimer5B_Handler                      0x00000283   Thumb Code     0  startup.o(RESET)
    uDMA_Error                               0x00000283   Thumb Code     0  startup.o(RESET)
    uDMA_Handler                             0x00000283   Thumb Code     0  startup.o(RESET)
    __main                                   0x00000285   Thumb Code     0  entry.o(.ARM.Collect$$$$00000000)
    _main_stk                                0x00000285   Thumb Code     0  entry2.o(.ARM.Collect$$$$00000001)
    _main_scatterload                        0x00000289   Thumb Code     0  entry5.o(.ARM.Collect$$$$00000004)
    __main_after_scatterload                 0x0000028d   Thumb Code     0  entry5.o(.ARM.Collect$$$$00000004)
    _main_clock                              0x0000028d   Thumb Code     0  entry7b.o(.ARM.Collect$$$$00000008)
    _main_cpp_init                           0x0000028d   Thumb Code     0  entry8b.o(.ARM.Collect$$$$0000000A)
    _main_init                               0x0000028d   Thumb Code     0  entry9a.o(.ARM.Collect$$$$0000000B)
    __rt_lib_shutdown_fini                   0x00000295   Thumb Code     0  entry12b.o(.ARM.Collect$$$$0000000E)
    __rt_final_cpp                           0x00000299   Thumb Code     0  entry10a.o(.ARM.Collect$$$$0000000F)
    __rt_final_exit                          0x00000299   Thumb Code     0  entry11a.o(.ARM.Collect$$$$00000011)
    DisableInterrupts                        0x0000029d   Thumb Code     0  startup.o(.text)
    EnableInterrupts                         0x000002a1   Thumb Code     0  startup.o(.text)
    StartCritical                            0x000002a5   Thumb Code     0  startup.o(.text)
    EndCritical                              0x000002ad   Thumb Code     0  startup.o(.text)
    WaitForInterrupt                         0x000002b3   Thumb Code     0  startup.o(.text)
    StartOS                                  0x000002b9   Thumb Code     0  osasm.o(.text)
    ContextSwitch                            0x000002dd   Thumb Code     0  osasm.o(.text)
    PendSV_Handler                           0x000002e7   Thumb Code     0  osasm.o(.text)
    SVC_Handler                              0x00000327   Thumb Code     0  osasm.o(.text)
    strcat                                   0x00000331   Thumb Code    24  strcat.o(.text)
    strlen                                   0x00000349   Thumb Code    14  strlen.o(.text)
    strcmp                                   0x00000357   Thumb Code    28  strcmp.o(.text)
    strcpy                                   0x00000373   Thumb Code    18  strcpy.o(.text)
    __aeabi_dmul                             0x00000385   Thumb Code   228  dmul.o(.text)
    __aeabi_ui2d                             0x00000469   Thumb Code    26  dfltui.o(.text)
    __aeabi_d2uiz                            0x00000483   Thumb Code    50  dfixui.o(.text)
    __aeabi_uidiv                            0x000004b5   Thumb Code     0  uidiv.o(.text)
    __aeabi_uidivmod                         0x000004b5   Thumb Code    44  uidiv.o(.text)
    __aeabi_llsr                             0x000004e1   Thumb Code    32  llushr.o(.text)
    _ll_ushift_r                             0x000004e1   Thumb Code     0  llushr.o(.text)
    __I$use$fp                               0x00000501   Thumb Code     0  iusefp.o(.text)
    _double_round                            0x00000501   Thumb Code    30  depilogue.o(.text)
    _double_epilogue                         0x0000051f   Thumb Code   156  depilogue.o(.text)
    __scatterload                            0x000005bd   Thumb Code    28  init.o(.text)
    __scatterload_rt2                        0x000005bd   Thumb Code     0  init.o(.text)
    __aeabi_llsl                             0x000005e1   Thumb Code    30  llshl.o(.text)
    _ll_shift_l                              0x000005e1   Thumb Code     0  llshl.o(.text)
    __decompress                             0x000005ff   Thumb Code     0  __dczerorl.o(.text)
    __decompress0                            0x000005ff   Thumb Code    58  __dczerorl.o(.text)
    ADC0Seq0_Handler                         0x00000639   Thumb Code    26  adct0atrigger.o(i.ADC0Seq0_Handler)
    ADC0Seq3_Handler                         0x0000065d   Thumb Code    18  adct0atrigger.o(i.ADC0Seq3_Handler)
    ADC0_InSeq3                              0x00000679   Thumb Code    38  adcswtrigger.o(i.ADC0_InSeq3)
    ADC0_InitSWTriggerSeq3                   0x000006a5   Thumb Code   976  adcswtrigger.o(i.ADC0_InitSWTriggerSeq3)
    ADC_In                                   0x00000a9d   Thumb Code    34  adc.o(i.ADC_In)
    ADC_Init                                 0x00000ac9   Thumb Code    22  adc.o(i.ADC_Init)
    AdcHelpScreen                            0x00000ae1   Thumb Code    94  interpreter.o(i.AdcHelpScreen)
    CAN0_Handler                             0x00000c59   Thumb Code   118  can0.o(i.CAN0_Handler)
    CANIntClear                              0x00000d17   Thumb Code    80  can.o(i.CANIntClear)
    CANIntStatus                             0x00000d91   Thumb Code    60  can.o(i.CANIntStatus)
    CANMessageGet                            0x00000dcd   Thumb Code   438  can.o(i.CANMessageGet)
    CANStatusGet                             0x00000fe9   Thumb Code   124  can.o(i.CANStatusGet)
    CS_Init                                  0x00001065   Thumb Code   118  edisk.o(i.CS_Init)
    ClearBuffer                              0x000010f1   Thumb Code    22  lab6.o(i.ClearBuffer)
    ClearMatrixProduct                       0x0000110d   Thumb Code    20  lab6.o(i.ClearMatrixProduct)
    ConnectWifiBackup                        0x00001125   Thumb Code   360  lab6.o(i.ConnectWifiBackup)
    Delay1ms                                 0x000013e9   Thumb Code    32  st7735.o(i.Delay1ms)
    DelayMs                                  0x00001409   Thumb Code    32  esp8266.o(i.DelayMs)
    ESP8266Rx0Fifo_Get                       0x00001465   Thumb Code    46  esp8266.o(i.ESP8266Rx0Fifo_Get)
    ESP8266Rx0Fifo_Init                      0x000014a1   Thumb Code    12  esp8266.o(i.ESP8266Rx0Fifo_Init)
    ESP8266Rx0Fifo_Put                       0x000014b5   Thumb Code    48  esp8266.o(i.ESP8266Rx0Fifo_Put)
    ESP8266Rx0Fifo_Size                      0x000014f1   Thumb Code    14  esp8266.o(i.ESP8266Rx0Fifo_Size)
    ESP8266RxFifo_Get                        0x00001509   Thumb Code    46  esp8266.o(i.ESP8266RxFifo_Get)
    ESP8266RxFifo_Init                       0x00001545   Thumb Code    12  esp8266.o(i.ESP8266RxFifo_Init)
    ESP8266RxFifo_Put                        0x00001559   Thumb Code    48  esp8266.o(i.ESP8266RxFifo_Put)
    ESP8266RxFifo_Size                       0x00001595   Thumb Code    14  esp8266.o(i.ESP8266RxFifo_Size)
    ESP8266TxFifo_Get                        0x000015f1   Thumb Code    46  esp8266.o(i.ESP8266TxFifo_Get)
    ESP8266TxFifo_Init                       0x0000162d   Thumb Code    12  esp8266.o(i.ESP8266TxFifo_Init)
    ESP8266TxFifo_Put                        0x00001641   Thumb Code    48  esp8266.o(i.ESP8266TxFifo_Put)
    ESP8266TxFifo_Size                       0x0000167d   Thumb Code    14  esp8266.o(i.ESP8266TxFifo_Size)
    ESP8266_Connect                          0x00001695   Thumb Code    62  esp8266.o(i.ESP8266_Connect)
    ESP8266_DisableInterrupt                 0x000016f9   Thumb Code     8  esp8266.o(i.ESP8266_DisableInterrupt)
    ESP8266_EnableInterrupt                  0x00001705   Thumb Code    26  esp8266.o(i.ESP8266_EnableInterrupt)
    ESP8266_GetIPAddress                     0x00001729   Thumb Code    36  esp8266.o(i.ESP8266_GetIPAddress)
    ESP8266_GetMACAddress                    0x00001761   Thumb Code    36  esp8266.o(i.ESP8266_GetMACAddress)
    ESP8266_GetVersionNumber                 0x00001799   Thumb Code    36  esp8266.o(i.ESP8266_GetVersionNumber)
    ESP8266_InChar                           0x000017cd   Thumb Code    20  esp8266.o(i.ESP8266_InChar)
    ESP8266_Init                             0x000017e1   Thumb Code   190  esp8266.o(i.ESP8266_Init)
    ESP8266_InitUART                         0x000018b9   Thumb Code   226  esp8266.o(i.ESP8266_InitUART)
    ESP8266_JoinAccessPoint                  0x000019bd   Thumb Code    64  esp8266.o(i.ESP8266_JoinAccessPoint)
    ESP8266_ListAccessPoints                 0x00001a19   Thumb Code    36  esp8266.o(i.ESP8266_ListAccessPoints)
    ESP8266_MakeTCPConnection                0x00001a51   Thumb Code   100  esp8266.o(i.ESP8266_MakeTCPConnection)
    ESP8266_OutChar                          0x00001af9   Thumb Code    46  esp8266.o(i.ESP8266_OutChar)
    ESP8266_Receive                          0x00001b2d   Thumb Code   146  esp8266.o(i.ESP8266_Receive)
    ESP8266_Reset                            0x00001be1   Thumb Code    36  esp8266.o(i.ESP8266_Reset)
    ESP8266_Send                             0x00001c15   Thumb Code    98  esp8266.o(i.ESP8266_Send)
    ESP8266_SendCommand                      0x00001cad   Thumb Code    26  esp8266.o(i.ESP8266_SendCommand)
    ESP8266_SetWifiMode                      0x00001cc9   Thumb Code    52  esp8266.o(i.ESP8266_SetWifiMode)
    ESP8266_WaitForResponse                  0x00001d11   Thumb Code   108  esp8266.o(i.ESP8266_WaitForResponse)
    GPIOPortF_Handler                        0x00001d7d   Thumb Code    78  os.o(i.GPIOPortF_Handler)
    I_ADC                                    0x00001ddd   Thumb Code   126  interpreter.o(i.I_ADC)
    I_HELP                                   0x00001ebd   Thumb Code    54  interpreter.o(i.I_HELP)
    I_LCD                                    0x00001f4d   Thumb Code    82  interpreter.o(i.I_LCD)
    I_LED                                    0x00001fb5   Thumb Code   206  interpreter.o(i.I_LED)
    I_LS                                     0x000020a5   Thumb Code    22  interpreter.o(i.I_LS)
    I_METRIC                                 0x000020cd   Thumb Code   538  interpreter.o(i.I_METRIC)
    I_TIME                                   0x00002555   Thumb Code    46  interpreter.o(i.I_TIME)
    I_UART                                   0x000025a9   Thumb Code    28  interpreter.o(i.I_UART)
    Idle                                     0x000025c9   Thumb Code    36  lab6.o(i.Idle)
    IntDisable                               0x000025f5   Thumb Code   108  interrupt.o(i.IntDisable)
    IntEnable                                0x00002669   Thumb Code   108  interrupt.o(i.IntEnable)
    LED_BlueOff                              0x000026dd   Thumb Code     8  led.o(i.LED_BlueOff)
    LED_BlueOn                               0x000026e9   Thumb Code     8  led.o(i.LED_BlueOn)
    LED_GreenOff                             0x000026f5   Thumb Code     8  led.o(i.LED_GreenOff)
    LED_GreenOn                              0x00002701   Thumb Code     8  led.o(i.LED_GreenOn)
    LED_Init                                 0x0000270d   Thumb Code    88  led.o(i.LED_Init)
    LED_RedOff                               0x00002779   Thumb Code     8  led.o(i.LED_RedOff)
    LED_RedOn                                0x00002785   Thumb Code     8  led.o(i.LED_RedOn)
    LaunchPad_Init                           0x00002791   Thumb Code    70  launchpad.o(i.LaunchPad_Init)
    LcdHelpScreen                            0x000027ed   Thumb Code    94  interpreter.o(i.LcdHelpScreen)
    LedHelpScreen                            0x00002985   Thumb Code    76  interpreter.o(i.LedHelpScreen)
    MetricHelpScreen                         0x00002ac1   Thumb Code   130  interpreter.o(i.MetricHelpScreen)
    OS_AddSW1Task                            0x00002d55   Thumb Code    46  os.o(i.OS_AddSW1Task)
    OS_AddThread                             0x00002d91   Thumb Code   228  os.o(i.OS_AddThread)
    OS_ClearMsTime                           0x00002e7d   Thumb Code    78  os.o(i.OS_ClearMsTime)
    OS_ECritical                             0x00002ee5   Thumb Code   106  os.o(i.OS_ECritical)
    OS_EndRedirectToFile                     0x00002f55   Thumb Code    22  os.o(i.OS_EndRedirectToFile)
    OS_Init                                  0x00002f71   Thumb Code    58  os.o(i.OS_Init)
    OS_InitSemaphore                         0x00002fb1   Thumb Code     4  os.o(i.OS_InitSemaphore)
    OS_Init_Data                             0x00002fb5   Thumb Code   152  os.o(i.OS_Init_Data)
    OS_Kill                                  0x0000305d   Thumb Code    70  os.o(i.OS_Kill)
    OS_Launch                                0x000030a9   Thumb Code    66  os.o(i.OS_Launch)
    OS_MsTime                                0x000030fd   Thumb Code    54  os.o(i.OS_MsTime)
    OS_Report_Critical                       0x00003141   Thumb Code    26  os.o(i.OS_Report_Critical)
    OS_Report_Jitter                         0x00003161   Thumb Code    20  os.o(i.OS_Report_Jitter)
    OS_ResetMetrics                          0x00003179   Thumb Code    28  os.o(i.OS_ResetMetrics)
    OS_Return_TCB                            0x00003199   Thumb Code   108  os.o(i.OS_Return_TCB)
    OS_SCritical                             0x00003209   Thumb Code   106  os.o(i.OS_SCritical)
    OS_Scheduler                             0x00003279   Thumb Code     8  os.o(i.OS_Scheduler)
    OS_Signal                                0x00003281   Thumb Code   158  os.o(i.OS_Signal)
    OS_Sleep_List_Pop                        0x00003325   Thumb Code   148  os.o(i.OS_Sleep_List_Pop)
    OS_TCB_Bypass                            0x000033bd   Thumb Code    48  os.o(i.OS_TCB_Bypass)
    OS_Time                                  0x000033f1   Thumb Code    38  os.o(i.OS_Time)
    OS_TimeDifference                        0x00003421   Thumb Code    24  os.o(i.OS_TimeDifference)
    OS_Wait                                  0x00003439   Thumb Code   132  os.o(i.OS_Wait)
    OS_bSignal                               0x000034c5   Thumb Code    12  os.o(i.OS_bSignal)
    OS_bWait                                 0x000034d1   Thumb Code    12  os.o(i.OS_bWait)
    PLL_Init                                 0x000034dd   Thumb Code   120  pll.o(i.PLL_Init)
    PortD_Init                               0x00003559   Thumb Code    88  lab6.o(i.PortD_Init)
    ReceiveDataFilter                        0x000035c1   Thumb Code   306  esp8266.o(i.ReceiveDataFilter)
    RxFifo_Init                              0x00003715   Thumb Code    12  uart0int.o(i.RxFifo_Init)
    RxFifo_Put                               0x00003729   Thumb Code    48  uart0int.o(i.RxFifo_Put)
    RxFifo_Size                              0x00003765   Thumb Code    14  uart0int.o(i.RxFifo_Size)
    ST7735_DrawCharS                         0x0000377d   Thumb Code   236  st7735.o(i.ST7735_DrawCharS)
    ST7735_DrawPixel                         0x00003875   Thumb Code    64  st7735.o(i.ST7735_DrawPixel)
    ST7735_DrawString                        0x000038bd   Thumb Code    86  st7735.o(i.ST7735_DrawString)
    ST7735_FillRect                          0x00003915   Thumb Code   164  st7735.o(i.ST7735_FillRect)
    ST7735_FillScreen                        0x000039c1   Thumb Code    28  st7735.o(i.ST7735_FillScreen)
    ST7735_InitR                             0x000039e5   Thumb Code    98  st7735.o(i.ST7735_InitR)
    ST7735_Message                           0x00003a6d   Thumb Code   196  st7735.o(i.ST7735_Message)
    ST7735_OutChar                           0x00003b35   Thumb Code   176  st7735.o(i.ST7735_OutChar)
    ST7735_SetCursor                         0x00003c09   Thumb Code    22  st7735.o(i.ST7735_SetCursor)
    SW1Push2                                 0x00003c29   Thumb Code   110  lab6.o(i.SW1Push2)
    SWOneInit                                0x00003cd5   Thumb Code   208  os.o(i.SWOneInit)
    SendHeartbeat                            0x00003db9   Thumb Code    18  lab6.o(i.SendHeartbeat)
    StartBackup                              0x00003df5   Thumb Code    74  lab6.o(i.StartBackup)
    SysTick_Handler                          0x00003e55   Thumb Code    18  os.o(i.SysTick_Handler)
    SysTick_Init                             0x00003e6d   Thumb Code    42  os.o(i.SysTick_Init)
    Timer1A_Handler                          0x00003e9d   Thumb Code    16  timer1a.o(i.Timer1A_Handler)
    Timer2A_Handler                          0x00003eb5   Thumb Code    16  timer2a.o(i.Timer2A_Handler)
    Timer3A_Handler                          0x00003ecd   Thumb Code    16  timer3a.o(i.Timer3A_Handler)
    Timer4A_Handler                          0x00003ee5   Thumb Code    16  timer4a.o(i.Timer4A_Handler)
    Timer5A_Handler                          0x00003efd   Thumb Code    26  os.o(i.Timer5A_Handler)
    TxFifo_Get                               0x00003f21   Thumb Code    46  uart0int.o(i.TxFifo_Get)
    TxFifo_Init                              0x00003f5d   Thumb Code    12  uart0int.o(i.TxFifo_Init)
    TxFifo_Put                               0x00003f71   Thumb Code    48  uart0int.o(i.TxFifo_Put)
    TxFifo_Size                              0x00003fad   Thumb Code    14  uart0int.o(i.TxFifo_Size)
    UART0_Handler                            0x00003fc5   Thumb Code    82  uart0int.o(i.UART0_Handler)
    UART2_Handler                            0x0000401d   Thumb Code    82  esp8266.o(i.UART2_Handler)
    UART_Init                                0x00004075   Thumb Code   182  uart0int.o(i.UART_Init)
    UART_OutChar                             0x00004149   Thumb Code    46  uart0int.o(i.UART_OutChar)
    UART_OutCharNonBlock                     0x0000417d   Thumb Code    46  uart0int.o(i.UART_OutCharNonBlock)
    UART_OutString                           0x000041b1   Thumb Code    36  uart0int.o(i.UART_OutString)
    UART_OutUDec                             0x000041d9   Thumb Code    42  uart0int.o(i.UART_OutUDec)
    UartHelpScreen                           0x00004205   Thumb Code    76  interpreter.o(i.UartHelpScreen)
    WideTimer0A_Handler                      0x000042d9   Thumb Code    16  wtimer0a.o(i.WideTimer0A_Handler)
    __0printf$3                              0x000042f1   Thumb Code    22  printf3.o(i.__0printf$3)
    __1printf$3                              0x000042f1   Thumb Code     0  printf3.o(i.__0printf$3)
    __2printf                                0x000042f1   Thumb Code     0  printf3.o(i.__0printf$3)
    __0sprintf$3                             0x00004311   Thumb Code    34  printf3.o(i.__0sprintf$3)
    __1sprintf$3                             0x00004311   Thumb Code     0  printf3.o(i.__0sprintf$3)
    __2sprintf                               0x00004311   Thumb Code     0  printf3.o(i.__0sprintf$3)
    __scatterload_copy                       0x00004339   Thumb Code    14  handlers.o(i.__scatterload_copy)
    __scatterload_null                       0x00004347   Thumb Code     2  handlers.o(i.__scatterload_null)
    __scatterload_zeroinit                   0x00004349   Thumb Code    14  handlers.o(i.__scatterload_zeroinit)
    clust2sect                               0x0000451b   Thumb Code    26  ff.o(i.clust2sect)
    disk_ioctl                               0x0000485d   Thumb Code   544  edisk.o(i.disk_ioctl)
    eDisk_Read                               0x00004a85   Thumb Code   136  edisk.o(i.eDisk_Read)
    eDisk_Status                             0x00004b15   Thumb Code    14  edisk.o(i.eDisk_Status)
    eDisk_Write                              0x00004b29   Thumb Code   170  edisk.o(i.eDisk_Write)
    eFile_WClose                             0x00004bdd   Thumb Code    36  efile.o(i.eFile_WClose)
    eFile_Write                              0x00004c09   Thumb Code    50  efile.o(i.eFile_Write)
    f_close                                  0x00004c45   Thumb Code    32  ff.o(i.f_close)
    f_sync                                   0x00004c65   Thumb Code   172  ff.o(i.f_sync)
    f_write                                  0x00004d15   Thumb Code   472  ff.o(i.f_write)
    fputc                                    0x00004eed   Thumb Code    44  os.o(i.fputc)
    get_fat                                  0x00004f1d   Thumb Code   242  ff.o(i.get_fat)
    main                                     0x0000500f   Thumb Code    10  lab6.o(i.main)
    matrix_to_char_array                     0x00005019   Thumb Code    72  lab6.o(i.matrix_to_char_array)
    multiply_matrices                        0x000050cd   Thumb Code   132  lab6.o(i.multiply_matrices)
    parseDec                                 0x00005175   Thumb Code    68  interpreter.o(i.parseDec)
    parse_data                               0x000051b9   Thumb Code    98  lab6.o(i.parse_data)
    parse_indices                            0x0000525d   Thumb Code   114  lab6.o(i.parse_indices)
    parse_matrix                             0x000052cf   Thumb Code   168  lab6.o(i.parse_matrix)
    print_matrix                             0x00005379   Thumb Code    64  lab6.o(i.print_matrix)
    put_fat                                  0x000053e7   Thumb Code   322  ff.o(i.put_fat)
    smallCircle                              0x00005fbe   Data          36  st7735.o(.constdata)
    circle                                   0x00005fe2   Data          60  st7735.o(.constdata)
    dBfs                                     0x0000601e   Data         512  st7735.o(.constdata)
    ReceiveDataSearchString                  0x0000624e   Data           6  esp8266.o(.constdata)
    Region$$Table$$Base                      0x000064f8   Number         0  anon$$obj.o(Region$$Table)
    Region$$Table$$Limit                     0x00006518   Number         0  anon$$obj.o(Region$$Table)
    IntTerm                                  0x20000000   Data           2  lab6.o(.data)
    PrevError                                0x20000002   Data           2  lab6.o(.data)
    IdleCount                                0x20000004   Data           4  lab6.o(.data)
    row_1                                    0x20000008   Data           4  lab6.o(.data)
    col_1                                    0x2000000c   Data           4  lab6.o(.data)
    row_2                                    0x20000010   Data           4  lab6.o(.data)
    col_2                                    0x20000014   Data           4  lab6.o(.data)
    Mailbox                                  0x20000018   Data           4  os.o(.data)
    BoxFree                                  0x2000001c   Data           4  os.o(.data)
    DataValid                                0x20000020   Data           4  os.o(.data)
    PutPt                                    0x20000024   Data           4  os.o(.data)
    GetPt                                    0x20000028   Data           4  os.o(.data)
    CurrentSize                              0x20000030   Data           4  os.o(.data)
    RoomLeft                                 0x20000034   Data           4  os.o(.data)
    FIFOMutex                                0x20000038   Data           4  os.o(.data)
    OS_SW_Debounce                           0x2000003c   Data           4  os.o(.data)
    OS_SW1_Task                              0x20000040   Data           4  os.o(.data)
    OS_SW1_PRI                               0x20000044   Data           1  os.o(.data)
    OS_SW2_Task                              0x20000048   Data           4  os.o(.data)
    OS_SW2_PRI                               0x2000004c   Data           1  os.o(.data)
    StreamToDevice                           0x20000050   Data           4  os.o(.data)
    StX                                      0x20000054   Data           4  st7735.o(.data)
    StY                                      0x20000058   Data           4  st7735.o(.data)
    StTextColor                              0x2000005c   Data           2  st7735.o(.data)
    LCDFree                                  0x20000068   Data           4  st7735.o(.data)
    Messageindex                             0x2000006c   Data           4  st7735.o(.data)
    Ymax                                     0x20000070   Data           4  st7735.o(.data)
    Ymin                                     0x20000074   Data           4  st7735.o(.data)
    X                                        0x20000078   Data           4  st7735.o(.data)
    Yrange                                   0x2000007c   Data           4  st7735.o(.data)
    lastj                                    0x20000080   Data           4  st7735.o(.data)
    NumCreated                               0x20000084   Data           4  interpreter.o(.data)
    NumSamples                               0x20000088   Data           4  interpreter.o(.data)
    PIDWork                                  0x2000008c   Data           4  interpreter.o(.data)
    FilterWork                               0x20000090   Data           4  interpreter.o(.data)
    DataLost                                 0x20000094   Data           4  interpreter.o(.data)
    CPUUtil                                  0x20000098   Data           4  interpreter.o(.data)
    MaxJitter                                0x2000009c   Data           4  interpreter.o(.data)
    I_Task_List                              0x200000a0   Data         128  interpreter.o(.data)
    UARTFree                                 0x20000124   Data           4  uart0int.o(.data)
    RxPutI                                   0x20000128   Data           4  uart0int.o(.data)
    RxGetI                                   0x2000012c   Data           4  uart0int.o(.data)
    TxPutI                                   0x20000130   Data           4  uart0int.o(.data)
    TxGetI                                   0x20000134   Data           4  uart0int.o(.data)
    ADCTask                                  0x20000148   Data           4  adct0atrigger.o(.data)
    PD3data                                  0x2000014c   Data           4  adct0atrigger.o(.data)
    WidePeriodicTask0                        0x20000150   Data           4  wtimer0a.o(.data)
    RCV_ID                                   0x20000154   Data           4  can0.o(.data)
    XMT_ID                                   0x20000158   Data           4  can0.o(.data)
    ESP8266_EchoResponse                     0x20000164   Data           1  esp8266.o(.data)
    ESP8266_EchoCommand                      0x20000165   Data           1  esp8266.o(.data)
    ESP8266RxPutI                            0x20000168   Data           4  esp8266.o(.data)
    ESP8266RxGetI                            0x2000016c   Data           4  esp8266.o(.data)
    ESP8266Rx0PutI                           0x20000170   Data           4  esp8266.o(.data)
    ESP8266Rx0GetI                           0x20000174   Data           4  esp8266.o(.data)
    ESP8266TxPutI                            0x20000178   Data           4  esp8266.o(.data)
    ESP8266TxGetI                            0x2000017c   Data           4  esp8266.o(.data)
    ESP8266_Server                           0x20000180   Data           2  esp8266.o(.data)
    ESP8266_ConnectionMux                    0x20000182   Data           2  esp8266.o(.data)
    ESP8266_Segment                          0x20000184   Data           2  esp8266.o(.data)
    ESP8266_DataAvailable                    0x20000198   Data           4  esp8266.o(.data)
    ESP8266_DataLoss                         0x2000019c   Data           4  esp8266.o(.data)
    PeriodicTask3                            0x200001a0   Data           4  timer3a.o(.data)
    PeriodicTask1                            0x200001a4   Data           4  timer1a.o(.data)
    PeriodicTask2                            0x200001a8   Data           4  timer2a.o(.data)
    PeriodicTask4                            0x200001ac   Data           4  timer4a.o(.data)
    __stdout                                 0x200001b0   Data           4  stdout.o(.data)
    buffer                                   0x200001b4   Data        1500  lab6.o(.bss)
    matrix_1                                 0x20000790   Data        1600  lab6.o(.bss)
    matrix_2                                 0x20000dd0   Data        1600  lab6.o(.bss)
    product_matrix                           0x20001410   Data        1600  lab6.o(.bss)
    char_matrix_product                      0x20001a50   Data         400  lab6.o(.bss)
    cmd                                      0x20001be0   Data         100  lab6.o(.bss)
    OS                                       0x20001c44   Data       14340  os.o(.bss)
    Fifo                                     0x20005448   Data        1024  os.o(.bss)
    x                                        0x20005848   Data         256  interpreter.o(.bss)
    y                                        0x20005948   Data         256  interpreter.o(.bss)
    bufPt                                    0x20005a48   Data          40  interpreter.o(.bss)
    bufPtCP                                  0x20005a70   Data          40  interpreter.o(.bss)
    __initial_sp                             0x20007728   Data           0  startup.o(STACK)



==============================================================================

Memory Map of the image

  Image Entry point : 0x0000026d

  Load Region LR_1 (Base: 0x00000000, Size: 0x000066cc, Max: 0xffffffff, ABSOLUTE, COMPRESSED[0x00006580])

    Execution Region ER_RO (Exec base: 0x00000000, Load base: 0x00000000, Size: 0x00006518, Max: 0xffffffff, ABSOLUTE)

    Exec Addr    Load Addr    Size         Type   Attr      Idx    E Section Name        Object

    0x00000000   0x00000000   0x00000284   Code   RO            3  * RESET               startup.o
    0x00000284   0x00000284   0x00000000   Code   RO         3223  * .ARM.Collect$$$$00000000  mc_w.l(entry.o)
    0x00000284   0x00000284   0x00000004   Code   RO         3505    .ARM.Collect$$$$00000001  mc_w.l(entry2.o)
    0x00000288   0x00000288   0x00000004   Code   RO         3508    .ARM.Collect$$$$00000004  mc_w.l(entry5.o)
    0x0000028c   0x0000028c   0x00000000   Code   RO         3510    .ARM.Collect$$$$00000008  mc_w.l(entry7b.o)
    0x0000028c   0x0000028c   0x00000000   Code   RO         3512    .ARM.Collect$$$$0000000A  mc_w.l(entry8b.o)
    0x0000028c   0x0000028c   0x00000008   Code   RO         3513    .ARM.Collect$$$$0000000B  mc_w.l(entry9a.o)
    0x00000294   0x00000294   0x00000004   Code   RO         3520    .ARM.Collect$$$$0000000E  mc_w.l(entry12b.o)
    0x00000298   0x00000298   0x00000000   Code   RO         3515    .ARM.Collect$$$$0000000F  mc_w.l(entry10a.o)
    0x00000298   0x00000298   0x00000000   Code   RO         3517    .ARM.Collect$$$$00000011  mc_w.l(entry11a.o)
    0x00000298   0x00000298   0x00000004   Code   RO         3506    .ARM.Collect$$$$00002712  mc_w.l(entry2.o)
    0x0000029c   0x0000029c   0x0000001c   Code   RO            4    .text               startup.o
    0x000002b8   0x000002b8   0x00000078   Code   RO         1743    .text               osasm.o
    0x00000330   0x00000330   0x00000018   Code   RO         3228    .text               mc_w.l(strcat.o)
    0x00000348   0x00000348   0x0000000e   Code   RO         3230    .text               mc_w.l(strlen.o)
    0x00000356   0x00000356   0x0000001c   Code   RO         3232    .text               mc_w.l(strcmp.o)
    0x00000372   0x00000372   0x00000012   Code   RO         3234    .text               mc_w.l(strcpy.o)
    0x00000384   0x00000384   0x000000e4   Code   RO         3499    .text               mf_w.l(dmul.o)
    0x00000468   0x00000468   0x0000001a   Code   RO         3501    .text               mf_w.l(dfltui.o)
    0x00000482   0x00000482   0x00000032   Code   RO         3503    .text               mf_w.l(dfixui.o)
    0x000004b4   0x000004b4   0x0000002c   Code   RO         3522    .text               mc_w.l(uidiv.o)
    0x000004e0   0x000004e0   0x00000020   Code   RO         3526    .text               mc_w.l(llushr.o)
    0x00000500   0x00000500   0x00000000   Code   RO         3528    .text               mc_w.l(iusefp.o)
    0x00000500   0x00000500   0x000000ba   Code   RO         3529    .text               mf_w.l(depilogue.o)
    0x000005ba   0x000005ba   0x00000002   PAD
    0x000005bc   0x000005bc   0x00000024   Code   RO         3539    .text               mc_w.l(init.o)
    0x000005e0   0x000005e0   0x0000001e   Code   RO         3541    .text               mc_w.l(llshl.o)
    0x000005fe   0x000005fe   0x0000003a   Code   RO         3553    .text               mc_w.l(__dczerorl.o)
    0x00000638   0x00000638   0x00000024   Code   RO         1746    i.ADC0Seq0_Handler  adct0atrigger.o
    0x0000065c   0x0000065c   0x0000001c   Code   RO         1747    i.ADC0Seq3_Handler  adct0atrigger.o
    0x00000678   0x00000678   0x0000002c   Code   RO         1786    i.ADC0_InSeq3       adcswtrigger.o
    0x000006a4   0x000006a4   0x000003f8   Code   RO         1789    i.ADC0_InitSWTriggerSeq3  adcswtrigger.o
    0x00000a9c   0x00000a9c   0x0000002c   Code   RO         1872    i.ADC_In            adc.o
    0x00000ac8   0x00000ac8   0x00000016   Code   RO         1873    i.ADC_Init          adc.o
    0x00000ade   0x00000ade   0x00000002   PAD
    0x00000ae0   0x00000ae0   0x00000178   Code   RO          916    i.AdcHelpScreen     interpreter.o
    0x00000c58   0x00000c58   0x00000088   Code   RO         2476    i.CAN0_Handler      can0.o
    0x00000ce0   0x00000ce0   0x00000036   Code   RO         2312    i.CANDataRegRead    can.o
    0x00000d16   0x00000d16   0x00000050   Code   RO         2318    i.CANIntClear       can.o
    0x00000d66   0x00000d66   0x00000002   PAD
    0x00000d68   0x00000d68   0x00000028   Code   RO         2321    i.CANIntNumberGet   can.o
    0x00000d90   0x00000d90   0x0000003c   Code   RO         2323    i.CANIntStatus      can.o
    0x00000dcc   0x00000dcc   0x000001b6   Code   RO         2326    i.CANMessageGet     can.o
    0x00000f82   0x00000f82   0x00000002   PAD
    0x00000f84   0x00000f84   0x0000004c   Code   RO         2328    i.CANRegRead        can.o
    0x00000fd0   0x00000fd0   0x00000018   Code   RO         2329    i.CANRegWrite       can.o
    0x00000fe8   0x00000fe8   0x0000007c   Code   RO         2332    i.CANStatusGet      can.o
    0x00001064   0x00001064   0x0000008c   Code   RO         1212    i.CS_Init           edisk.o
    0x000010f0   0x000010f0   0x0000001c   Code   RO           82    i.ClearBuffer       lab6.o
    0x0000110c   0x0000110c   0x00000018   Code   RO           83    i.ClearMatrixProduct  lab6.o
    0x00001124   0x00001124   0x000002c4   Code   RO           84    i.ConnectWifiBackup  lab6.o
    0x000013e8   0x000013e8   0x00000020   Code   RO          641    i.Delay1ms          st7735.o
    0x00001408   0x00001408   0x00000020   Code   RO         2550    i.DelayMs           esp8266.o
    0x00001428   0x00001428   0x0000003c   Code   RO         2551    i.ESP8266BufferToTx  esp8266.o
    0x00001464   0x00001464   0x0000003c   Code   RO         2552    i.ESP8266Rx0Fifo_Get  esp8266.o
    0x000014a0   0x000014a0   0x00000014   Code   RO         2553    i.ESP8266Rx0Fifo_Init  esp8266.o
    0x000014b4   0x000014b4   0x0000003c   Code   RO         2554    i.ESP8266Rx0Fifo_Put  esp8266.o
    0x000014f0   0x000014f0   0x00000018   Code   RO         2555    i.ESP8266Rx0Fifo_Size  esp8266.o
    0x00001508   0x00001508   0x0000003c   Code   RO         2556    i.ESP8266RxFifo_Get  esp8266.o
    0x00001544   0x00001544   0x00000014   Code   RO         2557    i.ESP8266RxFifo_Init  esp8266.o
    0x00001558   0x00001558   0x0000003c   Code   RO         2558    i.ESP8266RxFifo_Put  esp8266.o
    0x00001594   0x00001594   0x00000018   Code   RO         2559    i.ESP8266RxFifo_Size  esp8266.o
    0x000015ac   0x000015ac   0x00000044   Code   RO         2560    i.ESP8266RxToBuffer  esp8266.o
    0x000015f0   0x000015f0   0x0000003c   Code   RO         2561    i.ESP8266TxFifo_Get  esp8266.o
    0x0000162c   0x0000162c   0x00000014   Code   RO         2562    i.ESP8266TxFifo_Init  esp8266.o
    0x00001640   0x00001640   0x0000003c   Code   RO         2563    i.ESP8266TxFifo_Put  esp8266.o
    0x0000167c   0x0000167c   0x00000018   Code   RO         2564    i.ESP8266TxFifo_Size  esp8266.o
    0x00001694   0x00001694   0x00000064   Code   RO         2567    i.ESP8266_Connect   esp8266.o
    0x000016f8   0x000016f8   0x0000000c   Code   RO         2568    i.ESP8266_DisableInterrupt  esp8266.o
    0x00001704   0x00001704   0x00000024   Code   RO         2570    i.ESP8266_EnableInterrupt  esp8266.o
    0x00001728   0x00001728   0x00000038   Code   RO         2572    i.ESP8266_GetIPAddress  esp8266.o
    0x00001760   0x00001760   0x00000038   Code   RO         2573    i.ESP8266_GetMACAddress  esp8266.o
    0x00001798   0x00001798   0x00000034   Code   RO         2575    i.ESP8266_GetVersionNumber  esp8266.o
    0x000017cc   0x000017cc   0x00000014   Code   RO         2576    i.ESP8266_InChar    esp8266.o
    0x000017e0   0x000017e0   0x000000d8   Code   RO         2577    i.ESP8266_Init      esp8266.o
    0x000018b8   0x000018b8   0x00000104   Code   RO         2578    i.ESP8266_InitUART  esp8266.o
    0x000019bc   0x000019bc   0x0000005c   Code   RO         2579    i.ESP8266_JoinAccessPoint  esp8266.o
    0x00001a18   0x00001a18   0x00000038   Code   RO         2580    i.ESP8266_ListAccessPoints  esp8266.o
    0x00001a50   0x00001a50   0x000000a8   Code   RO         2581    i.ESP8266_MakeTCPConnection  esp8266.o
    0x00001af8   0x00001af8   0x00000034   Code   RO         2582    i.ESP8266_OutChar   esp8266.o
    0x00001b2c   0x00001b2c   0x000000b4   Code   RO         2584    i.ESP8266_Receive   esp8266.o
    0x00001be0   0x00001be0   0x00000034   Code   RO         2585    i.ESP8266_Reset     esp8266.o
    0x00001c14   0x00001c14   0x00000098   Code   RO         2587    i.ESP8266_Send      esp8266.o
    0x00001cac   0x00001cac   0x0000001a   Code   RO         2590    i.ESP8266_SendCommand  esp8266.o
    0x00001cc6   0x00001cc6   0x00000002   PAD
    0x00001cc8   0x00001cc8   0x00000048   Code   RO         2596    i.ESP8266_SetWifiMode  esp8266.o
    0x00001d10   0x00001d10   0x0000006c   Code   RO         2600    i.ESP8266_WaitForResponse  esp8266.o
    0x00001d7c   0x00001d7c   0x00000060   Code   RO          274    i.GPIOPortF_Handler  os.o
    0x00001ddc   0x00001ddc   0x000000e0   Code   RO          917    i.I_ADC             interpreter.o
    0x00001ebc   0x00001ebc   0x00000090   Code   RO          918    i.I_HELP            interpreter.o
    0x00001f4c   0x00001f4c   0x00000068   Code   RO          919    i.I_LCD             interpreter.o
    0x00001fb4   0x00001fb4   0x000000f0   Code   RO          920    i.I_LED             interpreter.o
    0x000020a4   0x000020a4   0x00000028   Code   RO          921    i.I_LS              interpreter.o
    0x000020cc   0x000020cc   0x00000488   Code   RO          922    i.I_METRIC          interpreter.o
    0x00002554   0x00002554   0x00000054   Code   RO          923    i.I_TIME            interpreter.o
    0x000025a8   0x000025a8   0x00000020   Code   RO          924    i.I_UART            interpreter.o
    0x000025c8   0x000025c8   0x0000002c   Code   RO           86    i.Idle              lab6.o
    0x000025f4   0x000025f4   0x00000074   Code   RO         2886    i.IntDisable        interrupt.o
    0x00002668   0x00002668   0x00000074   Code   RO         2887    i.IntEnable         interrupt.o
    0x000026dc   0x000026dc   0x0000000c   Code   RO         3055    i.LED_BlueOff       led.o
    0x000026e8   0x000026e8   0x0000000c   Code   RO         3056    i.LED_BlueOn        led.o
    0x000026f4   0x000026f4   0x0000000c   Code   RO         3058    i.LED_GreenOff      led.o
    0x00002700   0x00002700   0x0000000c   Code   RO         3059    i.LED_GreenOn       led.o
    0x0000270c   0x0000270c   0x0000006c   Code   RO         3061    i.LED_Init          led.o
    0x00002778   0x00002778   0x0000000c   Code   RO         3062    i.LED_RedOff        led.o
    0x00002784   0x00002784   0x0000000c   Code   RO         3063    i.LED_RedOn         led.o
    0x00002790   0x00002790   0x0000005c   Code   RO           13    i.LaunchPad_Init    launchpad.o
    0x000027ec   0x000027ec   0x00000198   Code   RO          927    i.LcdHelpScreen     interpreter.o
    0x00002984   0x00002984   0x0000013c   Code   RO          928    i.LedHelpScreen     interpreter.o
    0x00002ac0   0x00002ac0   0x00000294   Code   RO          929    i.MetricHelpScreen  interpreter.o
    0x00002d54   0x00002d54   0x0000003c   Code   RO          277    i.OS_AddSW1Task     os.o
    0x00002d90   0x00002d90   0x000000ec   Code   RO          279    i.OS_AddThread      os.o
    0x00002e7c   0x00002e7c   0x00000068   Code   RO          280    i.OS_ClearMsTime    os.o
    0x00002ee4   0x00002ee4   0x00000070   Code   RO          281    i.OS_ECritical      os.o
    0x00002f54   0x00002f54   0x0000001c   Code   RO          282    i.OS_EndRedirectToFile  os.o
    0x00002f70   0x00002f70   0x00000040   Code   RO          288    i.OS_Init           os.o
    0x00002fb0   0x00002fb0   0x00000004   Code   RO          289    i.OS_InitSemaphore  os.o
    0x00002fb4   0x00002fb4   0x000000a8   Code   RO          290    i.OS_Init_Data      os.o
    0x0000305c   0x0000305c   0x0000004c   Code   RO          291    i.OS_Kill           os.o
    0x000030a8   0x000030a8   0x00000054   Code   RO          292    i.OS_Launch         os.o
    0x000030fc   0x000030fc   0x00000044   Code   RO          297    i.OS_MsTime         os.o
    0x00003140   0x00003140   0x00000020   Code   RO          302    i.OS_Report_Critical  os.o
    0x00003160   0x00003160   0x00000018   Code   RO          303    i.OS_Report_Jitter  os.o
    0x00003178   0x00003178   0x00000020   Code   RO          304    i.OS_ResetMetrics   os.o
    0x00003198   0x00003198   0x00000070   Code   RO          305    i.OS_Return_TCB     os.o
    0x00003208   0x00003208   0x00000070   Code   RO          306    i.OS_SCritical      os.o
    0x00003278   0x00003278   0x00000008   Code   RO          307    i.OS_Scheduler      os.o
    0x00003280   0x00003280   0x000000a4   Code   RO          308    i.OS_Signal         os.o
    0x00003324   0x00003324   0x00000098   Code   RO          310    i.OS_Sleep_List_Pop  os.o
    0x000033bc   0x000033bc   0x00000034   Code   RO          313    i.OS_TCB_Bypass     os.o
    0x000033f0   0x000033f0   0x00000030   Code   RO          314    i.OS_Time           os.o
    0x00003420   0x00003420   0x00000018   Code   RO          315    i.OS_TimeDifference  os.o
    0x00003438   0x00003438   0x0000008c   Code   RO          318    i.OS_Wait           os.o
    0x000034c4   0x000034c4   0x0000000c   Code   RO          319    i.OS_bSignal        os.o
    0x000034d0   0x000034d0   0x0000000c   Code   RO          320    i.OS_bWait          os.o
    0x000034dc   0x000034dc   0x0000007c   Code   RO           66    i.PLL_Init          pll.o
    0x00003558   0x00003558   0x00000068   Code   RO           87    i.PortD_Init        lab6.o
    0x000035c0   0x000035c0   0x00000154   Code   RO         2601    i.ReceiveDataFilter  esp8266.o
    0x00003714   0x00003714   0x00000014   Code   RO         1053    i.RxFifo_Init       uart0int.o
    0x00003728   0x00003728   0x0000003c   Code   RO         1054    i.RxFifo_Put        uart0int.o
    0x00003764   0x00003764   0x00000018   Code   RO         1055    i.RxFifo_Size       uart0int.o
    0x0000377c   0x0000377c   0x000000f8   Code   RO          645    i.ST7735_DrawCharS  st7735.o
    0x00003874   0x00003874   0x00000048   Code   RO          649    i.ST7735_DrawPixel  st7735.o
    0x000038bc   0x000038bc   0x00000056   Code   RO          651    i.ST7735_DrawString  st7735.o
    0x00003912   0x00003912   0x00000002   PAD
    0x00003914   0x00003914   0x000000ac   Code   RO          652    i.ST7735_FillRect   st7735.o
    0x000039c0   0x000039c0   0x00000024   Code   RO          653    i.ST7735_FillScreen  st7735.o
    0x000039e4   0x000039e4   0x00000088   Code   RO          655    i.ST7735_InitR      st7735.o
    0x00003a6c   0x00003a6c   0x000000c8   Code   RO          657    i.ST7735_Message    st7735.o
    0x00003b34   0x00003b34   0x000000d4   Code   RO          658    i.ST7735_OutChar    st7735.o
    0x00003c08   0x00003c08   0x00000020   Code   RO          672    i.ST7735_SetCursor  st7735.o
    0x00003c28   0x00003c28   0x000000ac   Code   RO           90    i.SW1Push2          lab6.o
    0x00003cd4   0x00003cd4   0x000000e4   Code   RO          321    i.SWOneInit         os.o
    0x00003db8   0x00003db8   0x0000003c   Code   RO           91    i.SendHeartbeat     lab6.o
    0x00003df4   0x00003df4   0x00000060   Code   RO           92    i.StartBackup       lab6.o
    0x00003e54   0x00003e54   0x00000018   Code   RO          323    i.SysTick_Handler   os.o
    0x00003e6c   0x00003e6c   0x00000030   Code   RO          324    i.SysTick_Init      os.o
    0x00003e9c   0x00003e9c   0x00000018   Code   RO         3126    i.Timer1A_Handler   timer1a.o
    0x00003eb4   0x00003eb4   0x00000018   Code   RO         3153    i.Timer2A_Handler   timer2a.o
    0x00003ecc   0x00003ecc   0x00000018   Code   RO         3027    i.Timer3A_Handler   timer3a.o
    0x00003ee4   0x00003ee4   0x00000018   Code   RO         3180    i.Timer4A_Handler   timer4a.o
    0x00003efc   0x00003efc   0x00000024   Code   RO          325    i.Timer5A_Handler   os.o
    0x00003f20   0x00003f20   0x0000003c   Code   RO         1056    i.TxFifo_Get        uart0int.o
    0x00003f5c   0x00003f5c   0x00000014   Code   RO         1057    i.TxFifo_Init       uart0int.o
    0x00003f70   0x00003f70   0x0000003c   Code   RO         1058    i.TxFifo_Put        uart0int.o
    0x00003fac   0x00003fac   0x00000018   Code   RO         1059    i.TxFifo_Size       uart0int.o
    0x00003fc4   0x00003fc4   0x00000058   Code   RO         1060    i.UART0_Handler     uart0int.o
    0x0000401c   0x0000401c   0x00000058   Code   RO         2602    i.UART2_Handler     esp8266.o
    0x00004074   0x00004074   0x000000d4   Code   RO         1067    i.UART_Init         uart0int.o
    0x00004148   0x00004148   0x00000034   Code   RO         1068    i.UART_OutChar      uart0int.o
    0x0000417c   0x0000417c   0x00000034   Code   RO         1069    i.UART_OutCharNonBlock  uart0int.o
    0x000041b0   0x000041b0   0x00000028   Code   RO         1071    i.UART_OutString    uart0int.o
    0x000041d8   0x000041d8   0x0000002a   Code   RO         1072    i.UART_OutUDec      uart0int.o
    0x00004202   0x00004202   0x00000002   PAD
    0x00004204   0x00004204   0x000000d4   Code   RO          931    i.UartHelpScreen    interpreter.o
    0x000042d8   0x000042d8   0x00000018   Code   RO         2059    i.WideTimer0A_Handler  wtimer0a.o
    0x000042f0   0x000042f0   0x00000020   Code   RO         3327    i.__0printf$3       mc_w.l(printf3.o)
    0x00004310   0x00004310   0x00000028   Code   RO         3329    i.__0sprintf$3      mc_w.l(printf3.o)
    0x00004338   0x00004338   0x0000000e   Code   RO         3547    i.__scatterload_copy  mc_w.l(handlers.o)
    0x00004346   0x00004346   0x00000002   Code   RO         3548    i.__scatterload_null  mc_w.l(handlers.o)
    0x00004348   0x00004348   0x0000000e   Code   RO         3549    i.__scatterload_zeroinit  mc_w.l(handlers.o)
    0x00004356   0x00004356   0x00000002   PAD
    0x00004358   0x00004358   0x000001b8   Code   RO         3334    i._printf_core      mc_w.l(printf3.o)
    0x00004510   0x00004510   0x0000000a   Code   RO         3336    i._sputc            mc_w.l(printf3.o)
    0x0000451a   0x0000451a   0x0000001a   Code   RO         1452    i.clust2sect        ff.o
    0x00004534   0x00004534   0x00000056   Code   RO          676    i.commandList       st7735.o
    0x0000458a   0x0000458a   0x00000002   PAD
    0x0000458c   0x0000458c   0x0000018c   Code   RO          677    i.commonInit        st7735.o
    0x00004718   0x00004718   0x0000002c   Code   RO         1074    i.copyHardwareToSoftware  uart0int.o
    0x00004744   0x00004744   0x0000002c   Code   RO         1075    i.copySoftwareToHardware  uart0int.o
    0x00004770   0x00004770   0x000000d6   Code   RO         1453    i.create_chain      ff.o
    0x00004846   0x00004846   0x00000002   PAD
    0x00004848   0x00004848   0x00000014   Code   RO         1214    i.deselect          edisk.o
    0x0000485c   0x0000485c   0x00000228   Code   RO         1215    i.disk_ioctl        edisk.o
    0x00004a84   0x00004a84   0x00000090   Code   RO         1218    i.eDisk_Read        edisk.o
    0x00004b14   0x00004b14   0x00000014   Code   RO         1220    i.eDisk_Status      edisk.o
    0x00004b28   0x00004b28   0x000000b4   Code   RO         1221    i.eDisk_Write       edisk.o
    0x00004bdc   0x00004bdc   0x0000002c   Code   RO         1347    i.eFile_WClose      efile.o
    0x00004c08   0x00004c08   0x0000003c   Code   RO         1349    i.eFile_Write       efile.o
    0x00004c44   0x00004c44   0x00000020   Code   RO         1464    i.f_close           ff.o
    0x00004c64   0x00004c64   0x000000b0   Code   RO         1480    i.f_sync            ff.o
    0x00004d14   0x00004d14   0x000001d8   Code   RO         1484    i.f_write           ff.o
    0x00004eec   0x00004eec   0x00000030   Code   RO          327    i.fputc             os.o
    0x00004f1c   0x00004f1c   0x000000f2   Code   RO         1487    i.get_fat           ff.o
    0x0000500e   0x0000500e   0x0000000a   Code   RO           94    i.main              lab6.o
    0x00005018   0x00005018   0x00000050   Code   RO           95    i.matrix_to_char_array  lab6.o
    0x00005068   0x00005068   0x0000001a   Code   RO         1492    i.mem_cpy           ff.o
    0x00005082   0x00005082   0x00000014   Code   RO         1493    i.mem_set           ff.o
    0x00005096   0x00005096   0x00000034   Code   RO         1494    i.move_window       ff.o
    0x000050ca   0x000050ca   0x00000002   PAD
    0x000050cc   0x000050cc   0x000000a8   Code   RO           96    i.multiply_matrices  lab6.o
    0x00005174   0x00005174   0x00000044   Code   RO          933    i.parseDec          interpreter.o
    0x000051b8   0x000051b8   0x000000a4   Code   RO           97    i.parse_data        lab6.o
    0x0000525c   0x0000525c   0x00000072   Code   RO           98    i.parse_indices     lab6.o
    0x000052ce   0x000052ce   0x000000a8   Code   RO           99    i.parse_matrix      lab6.o
    0x00005376   0x00005376   0x00000002   PAD
    0x00005378   0x00005378   0x0000005c   Code   RO          100    i.print_matrix      lab6.o
    0x000053d4   0x000053d4   0x00000012   Code   RO          681    i.pushColor         st7735.o
    0x000053e6   0x000053e6   0x00000142   Code   RO         1495    i.put_fat           ff.o
    0x00005528   0x00005528   0x00000048   Code   RO         1224    i.rcvr_datablock    edisk.o
    0x00005570   0x00005570   0x00000030   Code   RO         1225    i.rcvr_spi          edisk.o
    0x000055a0   0x000055a0   0x00000018   Code   RO         1226    i.rcvr_spi_multi    edisk.o
    0x000055b8   0x000055b8   0x00000030   Code   RO         1227    i.select            edisk.o
    0x000055e8   0x000055e8   0x00000096   Code   RO         1228    i.send_cmd          edisk.o
    0x0000567e   0x0000567e   0x00000002   PAD
    0x00005680   0x00005680   0x00000074   Code   RO          682    i.setAddrWindow     st7735.o
    0x000056f4   0x000056f4   0x00000010   Code   RO         1497    i.st_clust          ff.o
    0x00005704   0x00005704   0x000000c8   Code   RO         1498    i.sync_fs           ff.o
    0x000057cc   0x000057cc   0x00000052   Code   RO         1499    i.sync_window       ff.o
    0x0000581e   0x0000581e   0x00000036   Code   RO         1500    i.validate          ff.o
    0x00005854   0x00005854   0x00000030   Code   RO         1229    i.wait_ready        edisk.o
    0x00005884   0x00005884   0x00000050   Code   RO          683    i.writecommand      st7735.o
    0x000058d4   0x000058d4   0x00000054   Code   RO          684    i.writedata         st7735.o
    0x00005928   0x00005928   0x00000038   Code   RO         1230    i.xchg_spi          edisk.o
    0x00005960   0x00005960   0x0000004c   Code   RO         1231    i.xmit_datablock    edisk.o
    0x000059ac   0x000059ac   0x00000030   Code   RO         1232    i.xmit_spi_multi    edisk.o
    0x000059dc   0x000059dc   0x00000842   Data   RO          686    .constdata          st7735.o
    0x0000621e   0x0000621e   0x00000036   Data   RO         2605    .constdata          esp8266.o
    0x00006254   0x00006254   0x0000010c   Data   RO         2903    .constdata          interrupt.o
    0x00006360   0x00006360   0x00000198   Data   RO          935    .conststring        interpreter.o
    0x000064f8   0x000064f8   0x00000020   Data   RO         3545    Region$$Table       anon$$obj.o


    Execution Region ER_RW (Exec base: 0x20000000, Load base: 0x00006518, Size: 0x000001b4, Max: 0xffffffff, ABSOLUTE, COMPRESSED[0x00000068])

    Exec Addr    Load Addr    Size         Type   Attr      Idx    E Section Name        Object

    0x20000000   COMPRESSED   0x00000018   Data   RW          102    .data               lab6.o
    0x20000018   COMPRESSED   0x0000003c   Data   RW          329    .data               os.o
    0x20000054   COMPRESSED   0x00000030   Data   RW          687    .data               st7735.o
    0x20000084   COMPRESSED   0x000000a0   Data   RW          936    .data               interpreter.o
    0x20000124   COMPRESSED   0x00000014   Data   RW         1077    .data               uart0int.o
    0x20000138   COMPRESSED   0x0000000d   Data   RW         1233    .data               edisk.o
    0x20000145   COMPRESSED   0x00000003   PAD
    0x20000148   COMPRESSED   0x00000008   Data   RW         1751    .data               adct0atrigger.o
    0x20000150   COMPRESSED   0x00000004   Data   RW         2062    .data               wtimer0a.o
    0x20000154   COMPRESSED   0x00000010   Data   RW         2480    .data               can0.o
    0x20000164   COMPRESSED   0x0000003c   Data   RW         2606    .data               esp8266.o
    0x200001a0   COMPRESSED   0x00000004   Data   RW         3030    .data               timer3a.o
    0x200001a4   COMPRESSED   0x00000004   Data   RW         3129    .data               timer1a.o
    0x200001a8   COMPRESSED   0x00000004   Data   RW         3156    .data               timer2a.o
    0x200001ac   COMPRESSED   0x00000004   Data   RW         3183    .data               timer4a.o
    0x200001b0   COMPRESSED   0x00000004   Data   RW         3521    .data               mc_w.l(stdout.o)


    Execution Region ER_ZI (Exec base: 0x200001b4, Load base: 0x00006580, Size: 0x00007574, Max: 0xffffffff, ABSOLUTE)

    Exec Addr    Load Addr    Size         Type   Attr      Idx    E Section Name        Object

    0x200001b4        -       0x00001a90   Zero   RW          101    .bss                lab6.o
    0x20001c44        -       0x00003c04   Zero   RW          328    .bss                os.o
    0x20005848        -       0x00000250   Zero   RW          934    .bss                interpreter.o
    0x20005a98        -       0x00000800   Zero   RW         1076    .bss                uart0int.o
    0x20006298        -       0x0000048c   Zero   RW         1350    .bss                efile.o
    0x20006724        -       0x00000c00   Zero   RW         2604    .bss                esp8266.o
    0x20007324   0x00006580   0x00000004   PAD
    0x20007328        -       0x00000400   Zero   RW            1    STACK               startup.o


==============================================================================

Image component sizes


      Code (inc. data)   RO Data    RW Data    ZI Data      Debug   Object Name

        66         10          0          0          0       1060   adc.o
      1060         70          0          0          0       1395   adcswtrigger.o
        64         20          0          8          0       2444   adct0atrigger.o
       896         10          0          0          0       9992   can.o
       136         18          0         16          0       3627   can0.o
      1626         92          0         13          0      11109   edisk.o
       104         18          0          0       1164       4185   efile.o
      2846        602         54         60       3072      24063   esp8266.o
      1934          4          0          0          0      11622   ff.o
      4068       2428        408        160        592      12176   interpreter.o
       232         16        268          0          0       2073   interrupt.o
      2032        646          0         24       6800      12719   lab6.o
        92         22          0          0          0       4969   launchpad.o
       180         44          0          0          0       2896   led.o
      2408        240          0         60      15364      21982   os.o
       120          8          0          0          0        320   osasm.o
       124          4          0          0          0        483   pll.o
      2006        210       2114         48          0      15799   st7735.o
       672        622          0          0       1024       1012   startup.o
        24          8          0          4          0       1038   timer1a.o
        24          8          0          4          0       1038   timer2a.o
        24          8          0          4          0       1038   timer3a.o
        24          8          0          4          0       1038   timer4a.o
       842        136          0         20       2048       9336   uart0int.o
        24          8          0          4          0       1054   wtimer0a.o

    ----------------------------------------------------------------------
     21650       5260       2876        432      30068     158468   Object Totals
         0          0         32          0          0          0   (incl. Generated)
        22          0          0          3          4          0   (incl. Padding)

    ----------------------------------------------------------------------

      Code (inc. data)   RO Data    RW Data    ZI Data      Debug   Library Member Name

        58          0          0          0          0          0   __dczerorl.o
         0          0          0          0          0          0   entry.o
         0          0          0          0          0          0   entry10a.o
         0          0          0          0          0          0   entry11a.o
         4          0          0          0          0          0   entry12b.o
         8          4          0          0          0          0   entry2.o
         4          0          0          0          0          0   entry5.o
         0          0          0          0          0          0   entry7b.o
         0          0          0          0          0          0   entry8b.o
         8          4          0          0          0          0   entry9a.o
        30          0          0          0          0          0   handlers.o
        36          8          0          0          0         68   init.o
         0          0          0          0          0          0   iusefp.o
        30          0          0          0          0         68   llshl.o
        32          0          0          0          0         68   llushr.o
       522         20          0          0          0        336   printf3.o
         0          0          0          4          0          0   stdout.o
        24          0          0          0          0         68   strcat.o
        28          0          0          0          0         76   strcmp.o
        18          0          0          0          0         68   strcpy.o
        14          0          0          0          0         68   strlen.o
        44          0          0          0          0         80   uidiv.o
       186          0          0          0          0        176   depilogue.o
        50          0          0          0          0         76   dfixui.o
        26          0          0          0          0         76   dfltui.o
       228          0          0          0          0         96   dmul.o

    ----------------------------------------------------------------------
      1354         36          0          4          0       1324   Library Totals
         4          0          0          0          0          0   (incl. Padding)

    ----------------------------------------------------------------------

      Code (inc. data)   RO Data    RW Data    ZI Data      Debug   Library Name

       860         36          0          4          0        900   mc_w.l
       490          0          0          0          0        424   mf_w.l

    ----------------------------------------------------------------------
      1354         36          0          4          0       1324   Library Totals

    ----------------------------------------------------------------------

==============================================================================


      Code (inc. data)   RO Data    RW Data    ZI Data      Debug   

     23004       5296       2876        436      30068     149676   Grand Totals
     23004       5296       2876        104      30068     149676   ELF Image Totals (compressed)
     23004       5296       2876        104          0          0   ROM Totals

==============================================================================

    Total RO  Size (Code + RO Data)                25880 (  25.27kB)
    Total RW  Size (RW Data + ZI Data)             30504 (  29.79kB)
    Total ROM Size (Code + RO Data + RW Data)      25984 (  25.38kB)

==============================================================================

